0 verbose cli D:\applications\node\node.exe D:\applications\node\node_modules\npm\bin\npm-cli.js
1 info using npm@11.11.0
2 info using node@v24.14.1
3 silly config load:file:D:\applications\node\node_modules\npm\npmrc
4 silly config load:file:E:\school\college\subject\cs\iv\final project\.npmrc
5 silly config load:file:C:\Users\Pt_\.npmrc
6 silly config load:file:C:\Users\Pt_\AppData\Roaming\npm\etc\npmrc
7 verbose title npm install
8 verbose argv "install"
9 verbose logfile logs-max:10 dir:e:\school\college\subject\cs\iv\final project\.npm-cache\_logs\2026-05-03T11_12_51_953Z-
10 verbose logfile e:\school\college\subject\cs\iv\final project\.npm-cache\_logs\2026-05-03T11_12_51_953Z-debug-0.log
11 silly logfile done cleaning log files
12 silly packumentCache heap:4496293888 maxSize:1124073472 maxEntrySize:562036736
13 silly idealTree buildDeps
14 silly fetch manifest d3@^7.9.0
15 silly packumentCache full:https://registry.npmjs.org/d3 cache-miss
16 http fetch GET 200 https://registry.npmjs.org/d3 385ms (cache miss)
17 silly packumentCache full:https://registry.npmjs.org/d3 set size:undefined disposed:false
18 silly fetch manifest next@^14.2.5
19 silly packumentCache full:https://registry.npmjs.org/next cache-miss
20 http fetch GET 200 https://registry.npmjs.org/next 620ms (cache miss)
21 silly packumentCache full:https://registry.npmjs.org/next set size:undefined disposed:false
22 silly fetch manifest @opentelemetry/api@^1.1.0
23 silly packumentCache full:https://registry.npmjs.org/@opentelemetry%2fapi cache-miss
24 http fetch GET 200 https://registry.npmjs.org/@opentelemetry%2fapi 134ms (cache miss)
25 silly packumentCache full:https://registry.npmjs.org/@opentelemetry%2fapi set size:undefined disposed:false
26 silly fetch manifest @playwright/test@^1.41.2
27 silly packumentCache full:https://registry.npmjs.org/@playwright%2ftest cache-miss
28 http fetch GET 200 https://registry.npmjs.org/@playwright%2ftest 388ms (cache miss)
29 silly packumentCache full:https://registry.npmjs.org/@playwright%2ftest set size:undefined disposed:false
30 silly fetch manifest react@^18.3.1
31 silly packumentCache full:https://registry.npmjs.org/react cache-miss
32 http fetch GET 200 https://registry.npmjs.org/react 395ms (cache miss)
33 silly packumentCache full:https://registry.npmjs.org/react set size:undefined disposed:false
34 silly fetch manifest react-dom@^18.3.1
35 silly packumentCache full:https://registry.npmjs.org/react-dom cache-miss
36 http fetch GET 200 https://registry.npmjs.org/react-dom 282ms (cache miss)
37 silly packumentCache full:https://registry.npmjs.org/react-dom set size:undefined disposed:false
38 silly fetch manifest sass@^1.3.0
39 silly packumentCache full:https://registry.npmjs.org/sass cache-miss
40 http fetch GET 200 https://registry.npmjs.org/sass 142ms (cache miss)
41 silly packumentCache full:https://registry.npmjs.org/sass set size:undefined disposed:false
42 silly placeDep ROOT d3@7.9.0 OK for: chicago-crime-story@1.0.0 want: ^7.9.0
43 silly placeDep ROOT next@14.2.35 OK for: chicago-crime-story@1.0.0 want: ^14.2.5
44 silly placeDep ROOT react@18.3.1 OK for: next@14.2.35 want: ^18.2.0
45 silly placeDep ROOT react-dom@18.3.1 OK for: next@14.2.35 want: ^18.2.0
46 silly fetch manifest d3-dsv@3
47 silly packumentCache full:https://registry.npmjs.org/d3-dsv cache-miss
48 silly fetch manifest d3-geo@3
49 silly packumentCache full:https://registry.npmjs.org/d3-geo cache-miss
50 silly fetch manifest d3-axis@3
51 silly packumentCache full:https://registry.npmjs.org/d3-axis cache-miss
52 silly fetch manifest d3-drag@3
53 silly packumentCache full:https://registry.npmjs.org/d3-drag cache-miss
54 silly fetch manifest d3-ease@3
55 silly packumentCache full:https://registry.npmjs.org/d3-ease cache-miss
56 silly fetch manifest d3-path@3
57 silly packumentCache full:https://registry.npmjs.org/d3-path cache-miss
58 silly fetch manifest d3-time@3
59 silly packumentCache full:https://registry.npmjs.org/d3-time cache-miss
60 http fetch GET 200 https://registry.npmjs.org/d3-dsv 73ms (cache miss)
61 silly packumentCache full:https://registry.npmjs.org/d3-dsv set size:undefined disposed:false
62 silly fetch manifest d3-zoom@3
63 silly packumentCache full:https://registry.npmjs.org/d3-zoom cache-miss
64 http fetch GET 200 https://registry.npmjs.org/d3-zoom 72ms (cache miss)
65 silly packumentCache full:https://registry.npmjs.org/d3-zoom set size:undefined disposed:false
66 silly fetch manifest d3-array@3
67 silly packumentCache full:https://registry.npmjs.org/d3-array cache-miss
68 http fetch GET 200 https://registry.npmjs.org/d3-drag 189ms (cache miss)
69 silly packumentCache full:https://registry.npmjs.org/d3-drag set size:undefined disposed:false
70 silly fetch manifest d3-brush@3
71 silly packumentCache full:https://registry.npmjs.org/d3-brush cache-miss
72 http fetch GET 200 https://registry.npmjs.org/d3-time 213ms (cache miss)
73 silly packumentCache full:https://registry.npmjs.org/d3-time set size:undefined disposed:false
74 silly fetch manifest d3-chord@3
75 silly packumentCache full:https://registry.npmjs.org/d3-chord cache-miss
76 http fetch GET 200 https://registry.npmjs.org/d3-path 230ms (cache miss)
77 silly packumentCache full:https://registry.npmjs.org/d3-path set size:undefined disposed:false
78 silly fetch manifest d3-color@3
79 silly packumentCache full:https://registry.npmjs.org/d3-color cache-miss
80 http fetch GET 200 https://registry.npmjs.org/d3-axis 240ms (cache miss)
81 silly packumentCache full:https://registry.npmjs.org/d3-axis set size:undefined disposed:false
82 silly fetch manifest d3-fetch@3
83 silly packumentCache full:https://registry.npmjs.org/d3-fetch cache-miss
84 http fetch GET 200 https://registry.npmjs.org/d3-ease 244ms (cache miss)
85 silly packumentCache full:https://registry.npmjs.org/d3-ease set size:undefined disposed:false
86 silly fetch manifest d3-force@3
87 silly packumentCache full:https://registry.npmjs.org/d3-force cache-miss
88 http fetch GET 200 https://registry.npmjs.org/d3-geo 260ms (cache miss)
89 silly packumentCache full:https://registry.npmjs.org/d3-geo set size:undefined disposed:false
90 silly fetch manifest d3-scale@4
91 silly packumentCache full:https://registry.npmjs.org/d3-scale cache-miss
92 http fetch GET 200 https://registry.npmjs.org/d3-array 132ms (cache miss)
93 silly packumentCache full:https://registry.npmjs.org/d3-array set size:undefined disposed:false
94 silly fetch manifest d3-shape@3
95 silly packumentCache full:https://registry.npmjs.org/d3-shape cache-miss
96 http fetch GET 200 https://registry.npmjs.org/d3-brush 112ms (cache miss)
97 silly packumentCache full:https://registry.npmjs.org/d3-brush set size:undefined disposed:false
98 silly fetch manifest d3-timer@3
99 silly packumentCache full:https://registry.npmjs.org/d3-timer cache-miss
100 http fetch GET 200 https://registry.npmjs.org/d3-chord 110ms (cache miss)
101 silly packumentCache full:https://registry.npmjs.org/d3-chord set size:undefined disposed:false
102 silly fetch manifest d3-format@3
103 silly packumentCache full:https://registry.npmjs.org/d3-format cache-miss
104 http fetch GET 200 https://registry.npmjs.org/d3-fetch 94ms (cache miss)
105 silly packumentCache full:https://registry.npmjs.org/d3-fetch set size:undefined disposed:false
106 silly fetch manifest d3-random@3
107 silly packumentCache full:https://registry.npmjs.org/d3-random cache-miss
108 http fetch GET 200 https://registry.npmjs.org/d3-color 108ms (cache miss)
109 silly packumentCache full:https://registry.npmjs.org/d3-color set size:undefined disposed:false
110 silly fetch manifest d3-contour@4
111 silly packumentCache full:https://registry.npmjs.org/d3-contour cache-miss
112 http fetch GET 200 https://registry.npmjs.org/d3-force 113ms (cache miss)
113 silly packumentCache full:https://registry.npmjs.org/d3-force set size:undefined disposed:false
114 silly fetch manifest d3-polygon@3
115 silly packumentCache full:https://registry.npmjs.org/d3-polygon cache-miss
116 http fetch GET 200 https://registry.npmjs.org/d3-scale 128ms (cache miss)
117 silly packumentCache full:https://registry.npmjs.org/d3-scale set size:undefined disposed:false
118 silly fetch manifest d3-delaunay@6
119 silly packumentCache full:https://registry.npmjs.org/d3-delaunay cache-miss
120 http fetch GET 200 https://registry.npmjs.org/d3-timer 97ms (cache miss)
121 silly packumentCache full:https://registry.npmjs.org/d3-timer set size:undefined disposed:false
122 silly fetch manifest d3-dispatch@3
123 silly packumentCache full:https://registry.npmjs.org/d3-dispatch cache-miss
124 http fetch GET 200 https://registry.npmjs.org/d3-shape 130ms (cache miss)
125 silly packumentCache full:https://registry.npmjs.org/d3-shape set size:undefined disposed:false
126 silly fetch manifest d3-quadtree@3
127 silly packumentCache full:https://registry.npmjs.org/d3-quadtree cache-miss
128 http fetch GET 200 https://registry.npmjs.org/d3-format 100ms (cache miss)
129 silly packumentCache full:https://registry.npmjs.org/d3-format set size:undefined disposed:false
130 silly fetch manifest d3-hierarchy@3
131 silly packumentCache full:https://registry.npmjs.org/d3-hierarchy cache-miss
132 http fetch GET 200 https://registry.npmjs.org/d3-contour 95ms (cache miss)
133 silly packumentCache full:https://registry.npmjs.org/d3-contour set size:undefined disposed:false
134 silly fetch manifest d3-selection@3
135 silly packumentCache full:https://registry.npmjs.org/d3-selection cache-miss
136 http fetch GET 200 https://registry.npmjs.org/d3-random 110ms (cache miss)
137 silly packumentCache full:https://registry.npmjs.org/d3-random set size:undefined disposed:false
138 silly fetch manifest d3-transition@3
139 silly packumentCache full:https://registry.npmjs.org/d3-transition cache-miss
140 http fetch GET 200 https://registry.npmjs.org/d3-polygon 86ms (cache miss)
141 silly packumentCache full:https://registry.npmjs.org/d3-polygon set size:undefined disposed:false
142 silly fetch manifest d3-interpolate@3
143 silly packumentCache full:https://registry.npmjs.org/d3-interpolate cache-miss
144 http fetch GET 200 https://registry.npmjs.org/d3-delaunay 66ms (cache miss)
145 silly packumentCache full:https://registry.npmjs.org/d3-delaunay set size:undefined disposed:false
146 silly fetch manifest d3-time-format@4
147 silly packumentCache full:https://registry.npmjs.org/d3-time-format cache-miss
148 http fetch GET 200 https://registry.npmjs.org/d3-quadtree 62ms (cache miss)
149 silly packumentCache full:https://registry.npmjs.org/d3-quadtree set size:undefined disposed:false
150 silly fetch manifest d3-scale-chromatic@3
151 silly packumentCache full:https://registry.npmjs.org/d3-scale-chromatic cache-miss
152 http fetch GET 200 https://registry.npmjs.org/d3-dispatch 79ms (cache miss)
153 silly packumentCache full:https://registry.npmjs.org/d3-dispatch set size:undefined disposed:false
154 silly fetch manifest busboy@1.6.0
155 silly packumentCache full:https://registry.npmjs.org/busboy cache-miss
156 http fetch GET 200 https://registry.npmjs.org/d3-hierarchy 74ms (cache miss)
157 silly packumentCache full:https://registry.npmjs.org/d3-hierarchy set size:undefined disposed:false
158 silly fetch manifest postcss@8.4.31
159 silly packumentCache full:https://registry.npmjs.org/postcss cache-miss
160 http fetch GET 200 https://registry.npmjs.org/d3-interpolate 86ms (cache miss)
161 silly packumentCache full:https://registry.npmjs.org/d3-interpolate set size:undefined disposed:false
162 silly fetch manifest @next/env@14.2.35
163 silly packumentCache full:https://registry.npmjs.org/@next%2fenv cache-miss
164 http fetch GET 200 https://registry.npmjs.org/d3-time-format 81ms (cache miss)
165 silly packumentCache full:https://registry.npmjs.org/d3-time-format set size:undefined disposed:false
166 silly fetch manifest styled-jsx@5.1.1
167 silly packumentCache full:https://registry.npmjs.org/styled-jsx cache-miss
168 http fetch GET 200 https://registry.npmjs.org/d3-transition 113ms (cache miss)
169 silly packumentCache full:https://registry.npmjs.org/d3-transition set size:undefined disposed:false
170 silly fetch manifest graceful-fs@^4.2.11
171 silly packumentCache full:https://registry.npmjs.org/graceful-fs cache-miss
172 http fetch GET 200 https://registry.npmjs.org/busboy 83ms (cache miss)
173 silly packumentCache full:https://registry.npmjs.org/busboy set size:undefined disposed:false
174 silly fetch manifest @swc/helpers@0.5.5
175 silly packumentCache full:https://registry.npmjs.org/@swc%2fhelpers cache-miss
176 http fetch GET 200 https://registry.npmjs.org/d3-scale-chromatic 92ms (cache miss)
177 silly packumentCache full:https://registry.npmjs.org/d3-scale-chromatic set size:undefined disposed:false
178 silly fetch manifest caniuse-lite@^1.0.30001579
179 silly packumentCache full:https://registry.npmjs.org/caniuse-lite cache-miss
180 http fetch GET 200 https://registry.npmjs.org/postcss 109ms (cache miss)
181 silly packumentCache full:https://registry.npmjs.org/postcss set size:undefined disposed:false
182 silly fetch manifest @next/swc-darwin-x64@14.2.33
183 silly packumentCache full:https://registry.npmjs.org/@next%2fswc-darwin-x64 cache-miss
184 http fetch GET 200 https://registry.npmjs.org/graceful-fs 79ms (cache miss)
185 silly packumentCache full:https://registry.npmjs.org/graceful-fs set size:undefined disposed:false
186 silly fetch manifest @next/swc-darwin-arm64@14.2.33
187 silly packumentCache full:https://registry.npmjs.org/@next%2fswc-darwin-arm64 cache-miss
188 http fetch GET 200 https://registry.npmjs.org/styled-jsx 99ms (cache miss)
189 silly packumentCache full:https://registry.npmjs.org/styled-jsx set size:undefined disposed:false
190 silly fetch manifest @next/swc-linux-x64-gnu@14.2.33
191 silly packumentCache full:https://registry.npmjs.org/@next%2fswc-linux-x64-gnu cache-miss
192 http fetch GET 200 https://registry.npmjs.org/@swc%2fhelpers 127ms (cache miss)
193 silly packumentCache full:https://registry.npmjs.org/@swc%2fhelpers set size:undefined disposed:false
194 silly fetch manifest @next/swc-linux-x64-musl@14.2.33
195 silly packumentCache full:https://registry.npmjs.org/@next%2fswc-linux-x64-musl cache-miss
196 http fetch GET 200 https://registry.npmjs.org/caniuse-lite 151ms (cache miss)
197 silly packumentCache full:https://registry.npmjs.org/caniuse-lite set size:undefined disposed:false
198 silly fetch manifest @next/swc-win32-x64-msvc@14.2.33
199 silly packumentCache full:https://registry.npmjs.org/@next%2fswc-win32-x64-msvc cache-miss
200 http fetch GET 200 https://registry.npmjs.org/d3-selection 315ms (cache miss)
201 silly packumentCache full:https://registry.npmjs.org/d3-selection set size:undefined disposed:false
202 silly fetch manifest @next/swc-linux-arm64-gnu@14.2.33
203 silly packumentCache full:https://registry.npmjs.org/@next%2fswc-linux-arm64-gnu cache-miss
204 http fetch GET 200 https://registry.npmjs.org/@next%2fswc-win32-x64-msvc 1084ms (cache miss)
205 silly packumentCache full:https://registry.npmjs.org/@next%2fswc-win32-x64-msvc set size:undefined disposed:false
206 silly fetch manifest @next/swc-win32-ia32-msvc@14.2.33
207 silly packumentCache full:https://registry.npmjs.org/@next%2fswc-win32-ia32-msvc cache-miss
208 http fetch GET 200 https://registry.npmjs.org/@next%2fenv 1375ms (cache miss)
209 silly packumentCache full:https://registry.npmjs.org/@next%2fenv set size:undefined disposed:false
210 silly fetch manifest @next/swc-linux-arm64-musl@14.2.33
211 silly packumentCache full:https://registry.npmjs.org/@next%2fswc-linux-arm64-musl cache-miss
212 http fetch GET 200 https://registry.npmjs.org/@next%2fswc-darwin-x64 1353ms (cache miss)
213 silly packumentCache full:https://registry.npmjs.org/@next%2fswc-darwin-x64 set size:undefined disposed:false
214 silly fetch manifest @next/swc-win32-arm64-msvc@14.2.33
215 silly packumentCache full:https://registry.npmjs.org/@next%2fswc-win32-arm64-msvc cache-miss
216 http fetch GET 200 https://registry.npmjs.org/@next%2fswc-darwin-arm64 2563ms (cache miss)
217 silly packumentCache full:https://registry.npmjs.org/@next%2fswc-darwin-arm64 set size:undefined disposed:false
218 silly fetch manifest scheduler@^0.23.2
219 silly packumentCache full:https://registry.npmjs.org/scheduler cache-miss
220 http fetch GET 200 https://registry.npmjs.org/@next%2fswc-linux-x64-gnu 2590ms (cache miss)
221 silly packumentCache full:https://registry.npmjs.org/@next%2fswc-linux-x64-gnu set size:undefined disposed:false
222 silly fetch manifest loose-envify@^1.1.0
223 silly packumentCache full:https://registry.npmjs.org/loose-envify cache-miss
224 http fetch GET 200 https://registry.npmjs.org/@next%2fswc-linux-x64-musl 2569ms (cache miss)
225 silly packumentCache full:https://registry.npmjs.org/@next%2fswc-linux-x64-musl set size:undefined disposed:false
226 silly fetch manifest loose-envify@^1.1.0
227 silly packumentCache full:https://registry.npmjs.org/loose-envify cache-miss
228 http fetch GET 200 https://registry.npmjs.org/@next%2fswc-win32-ia32-msvc 1477ms (cache miss)
229 silly packumentCache full:https://registry.npmjs.org/@next%2fswc-win32-ia32-msvc set size:undefined disposed:false
230 http fetch GET 200 https://registry.npmjs.org/@next%2fswc-linux-arm64-gnu 2614ms (cache miss)
231 silly packumentCache full:https://registry.npmjs.org/@next%2fswc-linux-arm64-gnu set size:undefined disposed:false
232 http fetch GET 200 https://registry.npmjs.org/loose-envify 131ms (cache miss)
233 silly packumentCache full:https://registry.npmjs.org/loose-envify set size:undefined disposed:false
234 http fetch GET 200 https://registry.npmjs.org/@next%2fswc-linux-arm64-musl 1435ms (cache miss)
235 silly packumentCache full:https://registry.npmjs.org/@next%2fswc-linux-arm64-musl set size:undefined disposed:false
236 http fetch GET 200 https://registry.npmjs.org/loose-envify 143ms (cache miss)
237 silly packumentCache full:https://registry.npmjs.org/loose-envify set size:undefined disposed:false
238 http fetch GET 200 https://registry.npmjs.org/@next%2fswc-win32-arm64-msvc 1452ms (cache miss)
239 silly packumentCache full:https://registry.npmjs.org/@next%2fswc-win32-arm64-msvc set size:undefined disposed:false
240 http fetch GET 200 https://registry.npmjs.org/scheduler 534ms (cache miss)
241 silly packumentCache full:https://registry.npmjs.org/scheduler set size:undefined disposed:false
242 silly placeDep ROOT d3-array@3.2.4 OK for: d3@7.9.0 want: 3
243 silly placeDep ROOT d3-axis@3.0.0 OK for: d3@7.9.0 want: 3
244 silly placeDep ROOT d3-brush@3.0.0 OK for: d3@7.9.0 want: 3
245 silly placeDep ROOT d3-chord@3.0.1 OK for: d3@7.9.0 want: 3
246 silly placeDep ROOT d3-color@3.1.0 OK for: d3@7.9.0 want: 3
247 silly placeDep ROOT d3-contour@4.0.2 OK for: d3@7.9.0 want: 4
248 silly placeDep ROOT d3-delaunay@6.0.4 OK for: d3@7.9.0 want: 6
249 silly placeDep ROOT d3-dispatch@3.0.1 OK for: d3@7.9.0 want: 3
250 silly placeDep ROOT d3-drag@3.0.0 OK for: d3@7.9.0 want: 3
251 silly placeDep ROOT d3-dsv@3.0.1 OK for: d3@7.9.0 want: 3
252 silly placeDep ROOT d3-ease@3.0.1 OK for: d3@7.9.0 want: 3
253 silly placeDep ROOT d3-fetch@3.0.1 OK for: d3@7.9.0 want: 3
254 silly placeDep ROOT d3-force@3.0.0 OK for: d3@7.9.0 want: 3
255 silly placeDep ROOT d3-format@3.1.2 OK for: d3@7.9.0 want: 3
256 silly placeDep ROOT d3-geo@3.1.1 OK for: d3@7.9.0 want: 3
257 silly placeDep ROOT d3-hierarchy@3.1.2 OK for: d3@7.9.0 want: 3
258 silly placeDep ROOT d3-interpolate@3.0.1 OK for: d3@7.9.0 want: 3
259 silly placeDep ROOT d3-path@3.1.0 OK for: d3@7.9.0 want: 3
260 silly placeDep ROOT d3-polygon@3.0.1 OK for: d3@7.9.0 want: 3
261 silly placeDep ROOT d3-quadtree@3.0.1 OK for: d3@7.9.0 want: 3
262 silly placeDep ROOT d3-random@3.0.1 OK for: d3@7.9.0 want: 3
263 silly placeDep ROOT d3-scale@4.0.2 OK for: d3@7.9.0 want: 4
264 silly placeDep ROOT d3-scale-chromatic@3.1.0 OK for: d3@7.9.0 want: 3
265 silly placeDep ROOT d3-selection@3.0.0 OK for: d3@7.9.0 want: 3
266 silly placeDep ROOT d3-shape@3.2.0 OK for: d3@7.9.0 want: 3
267 silly placeDep ROOT d3-time@3.1.0 OK for: d3@7.9.0 want: 3
268 silly placeDep ROOT d3-time-format@4.1.0 OK for: d3@7.9.0 want: 4
269 silly placeDep ROOT d3-timer@3.0.1 OK for: d3@7.9.0 want: 3
270 silly placeDep ROOT d3-transition@3.0.1 OK for: d3@7.9.0 want: 3
271 silly placeDep ROOT d3-zoom@3.0.0 OK for: d3@7.9.0 want: 3
272 silly fetch manifest internmap@1 - 2
273 silly packumentCache full:https://registry.npmjs.org/internmap cache-miss
274 silly fetch manifest d3-dispatch@1 - 3
275 silly packumentCache full:https://registry.npmjs.org/d3-dispatch cache-miss
276 silly fetch manifest d3-drag@2 - 3
277 silly packumentCache full:https://registry.npmjs.org/d3-drag cache-miss
278 silly fetch manifest d3-interpolate@1 - 3
279 silly packumentCache full:https://registry.npmjs.org/d3-interpolate cache-miss
280 silly fetch manifest d3-path@1 - 3
281 silly packumentCache full:https://registry.npmjs.org/d3-path cache-miss
282 silly fetch manifest delaunator@5
283 silly packumentCache full:https://registry.npmjs.org/delaunator cache-miss
284 silly fetch manifest commander@7
285 silly packumentCache full:https://registry.npmjs.org/commander cache-miss
286 http cache https://registry.npmjs.org/d3-interpolate 17ms (cache hit)
287 silly packumentCache full:https://registry.npmjs.org/d3-interpolate set size:162337 disposed:false
288 silly fetch manifest iconv-lite@0.6
289 silly packumentCache full:https://registry.npmjs.org/iconv-lite cache-miss
290 http cache https://registry.npmjs.org/d3-dispatch 21ms (cache hit)
291 silly packumentCache full:https://registry.npmjs.org/d3-dispatch set size:82955 disposed:false
292 silly fetch manifest rw@1
293 silly packumentCache full:https://registry.npmjs.org/rw cache-miss
294 http cache https://registry.npmjs.org/d3-path 23ms (cache hit)
295 silly packumentCache full:https://registry.npmjs.org/d3-path set size:77883 disposed:false
296 silly fetch manifest d3-quadtree@1 - 3
297 silly packumentCache full:https://registry.npmjs.org/d3-quadtree cache-miss
298 http cache https://registry.npmjs.org/d3-drag 28ms (cache hit)
299 silly packumentCache full:https://registry.npmjs.org/d3-drag set size:116130 disposed:false
300 silly fetch manifest d3-timer@1 - 3
301 silly packumentCache full:https://registry.npmjs.org/d3-timer cache-miss
302 http cache https://registry.npmjs.org/d3-quadtree 10ms (cache hit)
303 silly packumentCache full:https://registry.npmjs.org/d3-quadtree set size:98011 disposed:false
304 silly fetch manifest d3-time@2.1.1 - 3
305 silly packumentCache full:https://registry.npmjs.org/d3-time cache-miss
306 http cache https://registry.npmjs.org/d3-timer 8ms (cache hit)
307 silly packumentCache full:https://registry.npmjs.org/d3-timer set size:101516 disposed:false
308 silly fetch manifest d3-time-format@2 - 4
309 silly packumentCache full:https://registry.npmjs.org/d3-time-format cache-miss
310 http cache https://registry.npmjs.org/d3-time 9ms (cache hit)
311 silly packumentCache full:https://registry.npmjs.org/d3-time set size:150406 disposed:false
312 http cache https://registry.npmjs.org/d3-time-format 8ms (cache hit)
313 silly packumentCache full:https://registry.npmjs.org/d3-time-format set size:124514 disposed:false
314 http fetch GET 200 https://registry.npmjs.org/internmap 71ms (cache miss)
315 silly packumentCache full:https://registry.npmjs.org/internmap set size:undefined disposed:false
316 http fetch GET 200 https://registry.npmjs.org/delaunator 76ms (cache miss)
317 silly packumentCache full:https://registry.npmjs.org/delaunator set size:undefined disposed:false
318 http fetch GET 200 https://registry.npmjs.org/iconv-lite 70ms (cache miss)
319 silly packumentCache full:https://registry.npmjs.org/iconv-lite set size:undefined disposed:false
320 http fetch GET 200 https://registry.npmjs.org/commander 94ms (cache miss)
321 silly packumentCache full:https://registry.npmjs.org/commander set size:undefined disposed:false
322 http fetch GET 200 https://registry.npmjs.org/rw 370ms (cache miss)
323 silly packumentCache full:https://registry.npmjs.org/rw set size:undefined disposed:false
324 silly placeDep ROOT internmap@2.0.3 OK for: d3-array@3.2.4 want: 1 - 2
325 silly placeDep ROOT delaunator@5.1.0 OK for: d3-delaunay@6.0.4 want: 5
326 silly fetch manifest robust-predicates@^3.0.2
327 silly packumentCache full:https://registry.npmjs.org/robust-predicates cache-miss
328 http fetch GET 200 https://registry.npmjs.org/robust-predicates 89ms (cache miss)
329 silly packumentCache full:https://registry.npmjs.org/robust-predicates set size:undefined disposed:false
330 silly placeDep ROOT commander@7.2.0 OK for: d3-dsv@3.0.1 want: 7
331 silly placeDep ROOT iconv-lite@0.6.3 OK for: d3-dsv@3.0.1 want: 0.6
332 silly placeDep ROOT rw@1.3.3 OK for: d3-dsv@3.0.1 want: 1
333 silly fetch manifest safer-buffer@>= 2.1.2 < 3.0.0
334 silly packumentCache full:https://registry.npmjs.org/safer-buffer cache-miss
335 http fetch GET 200 https://registry.npmjs.org/safer-buffer 81ms (cache miss)
336 silly packumentCache full:https://registry.npmjs.org/safer-buffer set size:undefined disposed:false
337 silly placeDep ROOT robust-predicates@3.0.3 OK for: delaunator@5.1.0 want: ^3.0.2
338 silly placeDep ROOT safer-buffer@2.1.2 OK for: iconv-lite@0.6.3 want: >= 2.1.2 < 3.0.0
339 silly fetch manifest react@^18.2.0
340 silly packumentCache full:https://registry.npmjs.org/react cache-miss
341 http cache https://registry.npmjs.org/react 70ms (cache hit)
342 silly packumentCache full:https://registry.npmjs.org/react set size:6633619 disposed:false
343 silly placeDep ROOT @next/env@14.2.35 OK for: next@14.2.35 want: 14.2.35
344 silly placeDep ROOT @next/swc-darwin-arm64@14.2.33 OK for: next@14.2.35 want: 14.2.33
345 silly placeDep ROOT @next/swc-darwin-x64@14.2.33 OK for: next@14.2.35 want: 14.2.33
346 silly placeDep ROOT @next/swc-linux-arm64-gnu@14.2.33 OK for: next@14.2.35 want: 14.2.33
347 silly placeDep ROOT @next/swc-linux-arm64-musl@14.2.33 OK for: next@14.2.35 want: 14.2.33
348 silly placeDep ROOT @next/swc-linux-x64-gnu@14.2.33 OK for: next@14.2.35 want: 14.2.33
349 silly placeDep ROOT @next/swc-linux-x64-musl@14.2.33 OK for: next@14.2.35 want: 14.2.33
350 silly placeDep ROOT @next/swc-win32-arm64-msvc@14.2.33 OK for: next@14.2.35 want: 14.2.33
351 silly placeDep ROOT @next/swc-win32-ia32-msvc@14.2.33 OK for: next@14.2.35 want: 14.2.33
352 silly placeDep ROOT @next/swc-win32-x64-msvc@14.2.33 OK for: next@14.2.35 want: 14.2.33
353 silly placeDep ROOT @swc/helpers@0.5.5 OK for: next@14.2.35 want: 0.5.5
354 silly placeDep ROOT busboy@1.6.0 OK for: next@14.2.35 want: 1.6.0
355 silly placeDep ROOT caniuse-lite@1.0.30001791 OK for: next@14.2.35 want: ^1.0.30001579
356 silly placeDep ROOT graceful-fs@4.2.11 OK for: next@14.2.35 want: ^4.2.11
357 silly placeDep ROOT postcss@8.4.31 OK for: next@14.2.35 want: 8.4.31
358 silly placeDep ROOT styled-jsx@5.1.1 OK for: next@14.2.35 want: 5.1.1
359 silly fetch manifest tslib@^2.4.0
360 silly packumentCache full:https://registry.npmjs.org/tslib cache-miss
361 silly fetch manifest @swc/counter@^0.1.3
362 silly packumentCache full:https://registry.npmjs.org/@swc%2fcounter cache-miss
363 silly fetch manifest streamsearch@^1.1.0
364 silly packumentCache full:https://registry.npmjs.org/streamsearch cache-miss
365 silly fetch manifest nanoid@^3.3.6
366 silly packumentCache full:https://registry.npmjs.org/nanoid cache-miss
367 silly fetch manifest picocolors@^1.0.0
368 silly packumentCache full:https://registry.npmjs.org/picocolors cache-miss
369 silly fetch manifest source-map-js@^1.0.2
370 silly packumentCache full:https://registry.npmjs.org/source-map-js cache-miss
371 silly fetch manifest client-only@0.0.1
372 silly packumentCache full:https://registry.npmjs.org/client-only cache-miss
373 http fetch GET 200 https://registry.npmjs.org/streamsearch 146ms (cache miss)
374 silly packumentCache full:https://registry.npmjs.org/streamsearch set size:undefined disposed:false
375 http fetch GET 200 https://registry.npmjs.org/picocolors 188ms (cache miss)
376 silly packumentCache full:https://registry.npmjs.org/picocolors set size:undefined disposed:false
377 http fetch GET 200 https://registry.npmjs.org/client-only 194ms (cache miss)
378 silly packumentCache full:https://registry.npmjs.org/client-only set size:undefined disposed:false
379 http fetch GET 200 https://registry.npmjs.org/@swc%2fcounter 198ms (cache miss)
380 silly packumentCache full:https://registry.npmjs.org/@swc%2fcounter set size:undefined disposed:false
381 http fetch GET 200 https://registry.npmjs.org/tslib 206ms (cache miss)
382 silly packumentCache full:https://registry.npmjs.org/tslib set size:undefined disposed:false
383 http fetch GET 200 https://registry.npmjs.org/source-map-js 209ms (cache miss)
384 silly packumentCache full:https://registry.npmjs.org/source-map-js set size:undefined disposed:false
385 http fetch GET 200 https://registry.npmjs.org/nanoid 224ms (cache miss)
386 silly packumentCache full:https://registry.npmjs.org/nanoid set size:undefined disposed:false
387 silly placeDep ROOT @swc/counter@0.1.3 OK for: @swc/helpers@0.5.5 want: ^0.1.3
388 silly placeDep ROOT tslib@2.8.1 OK for: @swc/helpers@0.5.5 want: ^2.4.0
389 silly placeDep ROOT streamsearch@1.1.0 OK for: busboy@1.6.0 want: ^1.1.0
390 silly placeDep ROOT nanoid@3.3.12 OK for: postcss@8.4.31 want: ^3.3.6
391 silly placeDep ROOT picocolors@1.1.1 OK for: postcss@8.4.31 want: ^1.0.0
392 silly placeDep ROOT source-map-js@1.2.1 OK for: postcss@8.4.31 want: ^1.0.2
393 silly placeDep ROOT loose-envify@1.4.0 OK for: react@18.3.1 want: ^1.1.0
394 silly fetch manifest js-tokens@^3.0.0 || ^4.0.0
395 silly packumentCache full:https://registry.npmjs.org/js-tokens cache-miss
396 http fetch GET 200 https://registry.npmjs.org/js-tokens 85ms (cache miss)
397 silly packumentCache full:https://registry.npmjs.org/js-tokens set size:undefined disposed:false
398 silly placeDep ROOT js-tokens@4.0.0 OK for: loose-envify@1.4.0 want: ^3.0.0 || ^4.0.0
399 silly placeDep ROOT scheduler@0.23.2 OK for: react-dom@18.3.1 want: ^0.23.2
400 silly placeDep ROOT client-only@0.0.1 OK for: styled-jsx@5.1.1 want: 0.0.1
401 silly reify moves {}
402 silly audit bulk request {
402 silly audit   d3: [ '7.9.0' ],
402 silly audit   next: [ '14.2.35' ],
402 silly audit   react: [ '18.3.1' ],
402 silly audit   'react-dom': [ '18.3.1' ],
402 silly audit   'd3-array': [ '3.2.4' ],
402 silly audit   'd3-axis': [ '3.0.0' ],
402 silly audit   'd3-brush': [ '3.0.0' ],
402 silly audit   'd3-chord': [ '3.0.1' ],
402 silly audit   'd3-color': [ '3.1.0' ],
402 silly audit   'd3-contour': [ '4.0.2' ],
402 silly audit   'd3-delaunay': [ '6.0.4' ],
402 silly audit   'd3-dispatch': [ '3.0.1' ],
402 silly audit   'd3-drag': [ '3.0.0' ],
402 silly audit   'd3-dsv': [ '3.0.1' ],
402 silly audit   'd3-ease': [ '3.0.1' ],
402 silly audit   'd3-fetch': [ '3.0.1' ],
402 silly audit   'd3-force': [ '3.0.0' ],
402 silly audit   'd3-format': [ '3.1.2' ],
402 silly audit   'd3-geo': [ '3.1.1' ],
402 silly audit   'd3-hierarchy': [ '3.1.2' ],
402 silly audit   'd3-interpolate': [ '3.0.1' ],
402 silly audit   'd3-path': [ '3.1.0' ],
402 silly audit   'd3-polygon': [ '3.0.1' ],
402 silly audit   'd3-quadtree': [ '3.0.1' ],
402 silly audit   'd3-random': [ '3.0.1' ],
402 silly audit   'd3-scale': [ '4.0.2' ],
402 silly audit   'd3-scale-chromatic': [ '3.1.0' ],
402 silly audit   'd3-selection': [ '3.0.0' ],
402 silly audit   'd3-shape': [ '3.2.0' ],
402 silly audit   'd3-time': [ '3.1.0' ],
402 silly audit   'd3-time-format': [ '4.1.0' ],
402 silly audit   'd3-timer': [ '3.0.1' ],
402 silly audit   'd3-transition': [ '3.0.1' ],
402 silly audit   'd3-zoom': [ '3.0.0' ],
402 silly audit   internmap: [ '2.0.3' ],
402 silly audit   delaunator: [ '5.1.0' ],
402 silly audit   commander: [ '7.2.0' ],
402 silly audit   'iconv-lite': [ '0.6.3' ],
402 silly audit   rw: [ '1.3.3' ],
402 silly audit   'robust-predicates': [ '3.0.3' ],
402 silly audit   'safer-buffer': [ '2.1.2' ],
402 silly audit   '@next/env': [ '14.2.35' ],
402 silly audit   '@next/swc-darwin-arm64': [ '14.2.33' ],
402 silly audit   '@next/swc-darwin-x64': [ '14.2.33' ],
402 silly audit   '@next/swc-linux-arm64-gnu': [ '14.2.33' ],
402 silly audit   '@next/swc-linux-arm64-musl': [ '14.2.33' ],
402 silly audit   '@next/swc-linux-x64-gnu': [ '14.2.33' ],
402 silly audit   '@next/swc-linux-x64-musl': [ '14.2.33' ],
402 silly audit   '@next/swc-win32-arm64-msvc': [ '14.2.33' ],
402 silly audit   '@next/swc-win32-ia32-msvc': [ '14.2.33' ],
402 silly audit   '@next/swc-win32-x64-msvc': [ '14.2.33' ],
402 silly audit   '@swc/helpers': [ '0.5.5' ],
402 silly audit   busboy: [ '1.6.0' ],
402 silly audit   'caniuse-lite': [ '1.0.30001791' ],
402 silly audit   'graceful-fs': [ '4.2.11' ],
402 silly audit   postcss: [ '8.4.31' ],
402 silly audit   'styled-jsx': [ '5.1.1' ],
402 silly audit   '@swc/counter': [ '0.1.3' ],
402 silly audit   tslib: [ '2.8.1' ],
402 silly audit   streamsearch: [ '1.1.0' ],
402 silly audit   nanoid: [ '3.3.12' ],
402 silly audit   picocolors: [ '1.1.1' ],
402 silly audit   'source-map-js': [ '1.2.1' ],
402 silly audit   'loose-envify': [ '1.4.0' ],
402 silly audit   'js-tokens': [ '4.0.0' ],
402 silly audit   scheduler: [ '0.23.2' ],
402 silly audit   'client-only': [ '0.0.1' ]
402 silly audit }
403 http cache scheduler@https://registry.npmjs.org/scheduler/-/scheduler-0.23.2.tgz 0ms (cache hit)
404 http cache js-tokens@https://registry.npmjs.org/js-tokens/-/js-tokens-4.0.0.tgz 0ms (cache hit)
405 http cache client-only@https://registry.npmjs.org/client-only/-/client-only-0.0.1.tgz 0ms (cache hit)
406 http cache loose-envify@https://registry.npmjs.org/loose-envify/-/loose-envify-1.4.0.tgz 0ms (cache hit)
407 http cache source-map-js@https://registry.npmjs.org/source-map-js/-/source-map-js-1.2.1.tgz 0ms (cache hit)
408 http cache streamsearch@https://registry.npmjs.org/streamsearch/-/streamsearch-1.1.0.tgz 0ms (cache hit)
409 http cache nanoid@https://registry.npmjs.org/nanoid/-/nanoid-3.3.12.tgz 0ms (cache hit)
410 http cache tslib@https://registry.npmjs.org/tslib/-/tslib-2.8.1.tgz 0ms (cache hit)
411 http cache @swc/counter@https://registry.npmjs.org/@swc/counter/-/counter-0.1.3.tgz 0ms (cache hit)
412 http cache picocolors@https://registry.npmjs.org/picocolors/-/picocolors-1.1.1.tgz 0ms (cache hit)
413 http cache styled-jsx@https://registry.npmjs.org/styled-jsx/-/styled-jsx-5.1.1.tgz 0ms (cache hit)
414 http cache postcss@https://registry.npmjs.org/postcss/-/postcss-8.4.31.tgz 0ms (cache hit)
415 http cache graceful-fs@https://registry.npmjs.org/graceful-fs/-/graceful-fs-4.2.11.tgz 0ms (cache hit)
416 http cache busboy@https://registry.npmjs.org/busboy/-/busboy-1.6.0.tgz 0ms (cache hit)
417 http cache @swc/helpers@https://registry.npmjs.org/@swc/helpers/-/helpers-0.5.5.tgz 0ms (cache hit)
418 http cache caniuse-lite@https://registry.npmjs.org/caniuse-lite/-/caniuse-lite-1.0.30001791.tgz 0ms (cache hit)
419 http cache @next/swc-win32-x64-msvc@https://registry.npmjs.org/@next/swc-win32-x64-msvc/-/swc-win32-x64-msvc-14.2.33.tgz 0ms (cache hit)
420 http cache @next/env@https://registry.npmjs.org/@next/env/-/env-14.2.35.tgz 0ms (cache hit)
421 http cache safer-buffer@https://registry.npmjs.org/safer-buffer/-/safer-buffer-2.1.2.tgz 0ms (cache hit)
422 http cache rw@https://registry.npmjs.org/rw/-/rw-1.3.3.tgz 0ms (cache hit)
423 http cache iconv-lite@https://registry.npmjs.org/iconv-lite/-/iconv-lite-0.6.3.tgz 0ms (cache hit)
424 http cache robust-predicates@https://registry.npmjs.org/robust-predicates/-/robust-predicates-3.0.3.tgz 0ms (cache hit)
425 http cache commander@https://registry.npmjs.org/commander/-/commander-7.2.0.tgz 0ms (cache hit)
426 http cache delaunator@https://registry.npmjs.org/delaunator/-/delaunator-5.1.0.tgz 0ms (cache hit)
427 http cache internmap@https://registry.npmjs.org/internmap/-/internmap-2.0.3.tgz 0ms (cache hit)
428 http cache d3-transition@https://registry.npmjs.org/d3-transition/-/d3-transition-3.0.1.tgz 0ms (cache hit)
429 http cache d3-zoom@https://registry.npmjs.org/d3-zoom/-/d3-zoom-3.0.0.tgz 0ms (cache hit)
430 http cache d3-timer@https://registry.npmjs.org/d3-timer/-/d3-timer-3.0.1.tgz 0ms (cache hit)
431 http cache d3-time-format@https://registry.npmjs.org/d3-time-format/-/d3-time-format-4.1.0.tgz 0ms (cache hit)
432 http cache d3-time@https://registry.npmjs.org/d3-time/-/d3-time-3.1.0.tgz 0ms (cache hit)
433 http cache d3-selection@https://registry.npmjs.org/d3-selection/-/d3-selection-3.0.0.tgz 0ms (cache hit)
434 http cache d3-scale-chromatic@https://registry.npmjs.org/d3-scale-chromatic/-/d3-scale-chromatic-3.1.0.tgz 0ms (cache hit)
435 http cache d3-shape@https://registry.npmjs.org/d3-shape/-/d3-shape-3.2.0.tgz 0ms (cache hit)
436 http cache d3-random@https://registry.npmjs.org/d3-random/-/d3-random-3.0.1.tgz 0ms (cache hit)
437 http cache d3-quadtree@https://registry.npmjs.org/d3-quadtree/-/d3-quadtree-3.0.1.tgz 0ms (cache hit)
438 http cache d3-scale@https://registry.npmjs.org/d3-scale/-/d3-scale-4.0.2.tgz 0ms (cache hit)
439 http cache d3-polygon@https://registry.npmjs.org/d3-polygon/-/d3-polygon-3.0.1.tgz 0ms (cache hit)
440 http cache d3-path@https://registry.npmjs.org/d3-path/-/d3-path-3.1.0.tgz 0ms (cache hit)
441 http cache d3-interpolate@https://registry.npmjs.org/d3-interpolate/-/d3-interpolate-3.0.1.tgz 0ms (cache hit)
442 http cache d3-hierarchy@https://registry.npmjs.org/d3-hierarchy/-/d3-hierarchy-3.1.2.tgz 0ms (cache hit)
443 http cache d3-format@https://registry.npmjs.org/d3-format/-/d3-format-3.1.2.tgz 0ms (cache hit)
444 http cache d3-force@https://registry.npmjs.org/d3-force/-/d3-force-3.0.0.tgz 0ms (cache hit)
445 http cache d3-fetch@https://registry.npmjs.org/d3-fetch/-/d3-fetch-3.0.1.tgz 0ms (cache hit)
446 http cache d3-geo@https://registry.npmjs.org/d3-geo/-/d3-geo-3.1.1.tgz 0ms (cache hit)
447 http cache d3-ease@https://registry.npmjs.org/d3-ease/-/d3-ease-3.0.1.tgz 0ms (cache hit)
448 http cache d3-dsv@https://registry.npmjs.org/d3-dsv/-/d3-dsv-3.0.1.tgz 0ms (cache hit)
449 http cache d3-drag@https://registry.npmjs.org/d3-drag/-/d3-drag-3.0.0.tgz 0ms (cache hit)
450 http cache d3-delaunay@https://registry.npmjs.org/d3-delaunay/-/d3-delaunay-6.0.4.tgz 0ms (cache hit)
451 http cache d3-dispatch@https://registry.npmjs.org/d3-dispatch/-/d3-dispatch-3.0.1.tgz 0ms (cache hit)
452 http cache d3-contour@https://registry.npmjs.org/d3-contour/-/d3-contour-4.0.2.tgz 0ms (cache hit)
453 http cache d3-color@https://registry.npmjs.org/d3-color/-/d3-color-3.1.0.tgz 0ms (cache hit)
454 http cache d3-chord@https://registry.npmjs.org/d3-chord/-/d3-chord-3.0.1.tgz 0ms (cache hit)
455 http cache d3-axis@https://registry.npmjs.org/d3-axis/-/d3-axis-3.0.0.tgz 0ms (cache hit)
456 http cache d3-array@https://registry.npmjs.org/d3-array/-/d3-array-3.2.4.tgz 0ms (cache hit)
457 http cache d3-brush@https://registry.npmjs.org/d3-brush/-/d3-brush-3.0.0.tgz 0ms (cache hit)
458 http cache react-dom@https://registry.npmjs.org/react-dom/-/react-dom-18.3.1.tgz 0ms (cache hit)
459 http cache react@https://registry.npmjs.org/react/-/react-18.3.1.tgz 0ms (cache hit)
460 http cache next@https://registry.npmjs.org/next/-/next-14.2.35.tgz 0ms (cache hit)
461 http cache d3@https://registry.npmjs.org/d3/-/d3-7.9.0.tgz 0ms (cache hit)
462 silly tarball no local data for scheduler@https://registry.npmjs.org/scheduler/-/scheduler-0.23.2.tgz. Extracting by manifest.
463 silly tarball no local data for js-tokens@https://registry.npmjs.org/js-tokens/-/js-tokens-4.0.0.tgz. Extracting by manifest.
464 silly tarball no local data for client-only@https://registry.npmjs.org/client-only/-/client-only-0.0.1.tgz. Extracting by manifest.
465 silly tarball no local data for loose-envify@https://registry.npmjs.org/loose-envify/-/loose-envify-1.4.0.tgz. Extracting by manifest.
466 silly tarball no local data for source-map-js@https://registry.npmjs.org/source-map-js/-/source-map-js-1.2.1.tgz. Extracting by manifest.
467 silly tarball no local data for streamsearch@https://registry.npmjs.org/streamsearch/-/streamsearch-1.1.0.tgz. Extracting by manifest.
468 silly tarball no local data for nanoid@https://registry.npmjs.org/nanoid/-/nanoid-3.3.12.tgz. Extracting by manifest.
469 silly tarball no local data for tslib@https://registry.npmjs.org/tslib/-/tslib-2.8.1.tgz. Extracting by manifest.
470 silly tarball no local data for @swc/counter@https://registry.npmjs.org/@swc/counter/-/counter-0.1.3.tgz. Extracting by manifest.
471 silly tarball no local data for picocolors@https://registry.npmjs.org/picocolors/-/picocolors-1.1.1.tgz. Extracting by manifest.
472 silly tarball no local data for styled-jsx@https://registry.npmjs.org/styled-jsx/-/styled-jsx-5.1.1.tgz. Extracting by manifest.
473 silly tarball no local data for postcss@https://registry.npmjs.org/postcss/-/postcss-8.4.31.tgz. Extracting by manifest.
474 silly tarball no local data for graceful-fs@https://registry.npmjs.org/graceful-fs/-/graceful-fs-4.2.11.tgz. Extracting by manifest.
475 silly tarball no local data for busboy@https://registry.npmjs.org/busboy/-/busboy-1.6.0.tgz. Extracting by manifest.
476 silly tarball no local data for @swc/helpers@https://registry.npmjs.org/@swc/helpers/-/helpers-0.5.5.tgz. Extracting by manifest.
477 silly tarball no local data for caniuse-lite@https://registry.npmjs.org/caniuse-lite/-/caniuse-lite-1.0.30001791.tgz. Extracting by manifest.
478 silly tarball no local data for @next/swc-win32-x64-msvc@https://registry.npmjs.org/@next/swc-win32-x64-msvc/-/swc-win32-x64-msvc-14.2.33.tgz. Extracting by manifest.
479 silly tarball no local data for @next/env@https://registry.npmjs.org/@next/env/-/env-14.2.35.tgz. Extracting by manifest.
480 silly tarball no local data for safer-buffer@https://registry.npmjs.org/safer-buffer/-/safer-buffer-2.1.2.tgz. Extracting by manifest.
481 silly tarball no local data for rw@https://registry.npmjs.org/rw/-/rw-1.3.3.tgz. Extracting by manifest.
482 silly tarball no local data for iconv-lite@https://registry.npmjs.org/iconv-lite/-/iconv-lite-0.6.3.tgz. Extracting by manifest.
483 silly tarball no local data for robust-predicates@https://registry.npmjs.org/robust-predicates/-/robust-predicates-3.0.3.tgz. Extracting by manifest.
484 silly tarball no local data for commander@https://registry.npmjs.org/commander/-/commander-7.2.0.tgz. Extracting by manifest.
485 silly tarball no local data for delaunator@https://registry.npmjs.org/delaunator/-/delaunator-5.1.0.tgz. Extracting by manifest.
486 silly tarball no local data for internmap@https://registry.npmjs.org/internmap/-/internmap-2.0.3.tgz. Extracting by manifest.
487 silly tarball no local data for d3-transition@https://registry.npmjs.org/d3-transition/-/d3-transition-3.0.1.tgz. Extracting by manifest.
488 silly tarball no local data for d3-zoom@https://registry.npmjs.org/d3-zoom/-/d3-zoom-3.0.0.tgz. Extracting by manifest.
489 silly tarball no local data for d3-timer@https://registry.npmjs.org/d3-timer/-/d3-timer-3.0.1.tgz. Extracting by manifest.
490 silly tarball no local data for d3-time-format@https://registry.npmjs.org/d3-time-format/-/d3-time-format-4.1.0.tgz. Extracting by manifest.
491 silly tarball no local data for d3-time@https://registry.npmjs.org/d3-time/-/d3-time-3.1.0.tgz. Extracting by manifest.
492 silly tarball no local data for d3-selection@https://registry.npmjs.org/d3-selection/-/d3-selection-3.0.0.tgz. Extracting by manifest.
493 silly tarball no local data for d3-scale-chromatic@https://registry.npmjs.org/d3-scale-chromatic/-/d3-scale-chromatic-3.1.0.tgz. Extracting by manifest.
494 silly tarball no local data for d3-shape@https://registry.npmjs.org/d3-shape/-/d3-shape-3.2.0.tgz. Extracting by manifest.
495 silly tarball no local data for d3-random@https://registry.npmjs.org/d3-random/-/d3-random-3.0.1.tgz. Extracting by manifest.
496 silly tarball no local data for d3-quadtree@https://registry.npmjs.org/d3-quadtree/-/d3-quadtree-3.0.1.tgz. Extracting by manifest.
497 silly tarball no local data for d3-scale@https://registry.npmjs.org/d3-scale/-/d3-scale-4.0.2.tgz. Extracting by manifest.
498 silly tarball no local data for d3-polygon@https://registry.npmjs.org/d3-polygon/-/d3-polygon-3.0.1.tgz. Extracting by manifest.
499 silly tarball no local data for d3-path@https://registry.npmjs.org/d3-path/-/d3-path-3.1.0.tgz. Extracting by manifest.
500 silly tarball no local data for d3-interpolate@https://registry.npmjs.org/d3-interpolate/-/d3-interpolate-3.0.1.tgz. Extracting by manifest.
501 silly tarball no local data for d3-hierarchy@https://registry.npmjs.org/d3-hierarchy/-/d3-hierarchy-3.1.2.tgz. Extracting by manifest.
502 silly tarball no local data for d3-format@https://registry.npmjs.org/d3-format/-/d3-format-3.1.2.tgz. Extracting by manifest.
503 silly tarball no local data for d3-force@https://registry.npmjs.org/d3-force/-/d3-force-3.0.0.tgz. Extracting by manifest.
504 silly tarball no local data for d3-fetch@https://registry.npmjs.org/d3-fetch/-/d3-fetch-3.0.1.tgz. Extracting by manifest.
505 silly tarball no local data for d3-geo@https://registry.npmjs.org/d3-geo/-/d3-geo-3.1.1.tgz. Extracting by manifest.
506 silly tarball no local data for d3-ease@https://registry.npmjs.org/d3-ease/-/d3-ease-3.0.1.tgz. Extracting by manifest.
507 silly tarball no local data for d3-dsv@https://registry.npmjs.org/d3-dsv/-/d3-dsv-3.0.1.tgz. Extracting by manifest.
508 silly tarball no local data for d3-drag@https://registry.npmjs.org/d3-drag/-/d3-drag-3.0.0.tgz. Extracting by manifest.
509 silly tarball no local data for d3-delaunay@https://registry.npmjs.org/d3-delaunay/-/d3-delaunay-6.0.4.tgz. Extracting by manifest.
510 silly tarball no local data for d3-dispatch@https://registry.npmjs.org/d3-dispatch/-/d3-dispatch-3.0.1.tgz. Extracting by manifest.
511 silly tarball no local data for d3-contour@https://registry.npmjs.org/d3-contour/-/d3-contour-4.0.2.tgz. Extracting by manifest.
512 silly tarball no local data for d3-color@https://registry.npmjs.org/d3-color/-/d3-color-3.1.0.tgz. Extracting by manifest.
513 silly tarball no local data for d3-chord@https://registry.npmjs.org/d3-chord/-/d3-chord-3.0.1.tgz. Extracting by manifest.
514 silly tarball no local data for d3-axis@https://registry.npmjs.org/d3-axis/-/d3-axis-3.0.0.tgz. Extracting by manifest.
515 silly tarball no local data for d3-array@https://registry.npmjs.org/d3-array/-/d3-array-3.2.4.tgz. Extracting by manifest.
516 silly tarball no local data for d3-brush@https://registry.npmjs.org/d3-brush/-/d3-brush-3.0.0.tgz. Extracting by manifest.
517 silly tarball no local data for react-dom@https://registry.npmjs.org/react-dom/-/react-dom-18.3.1.tgz. Extracting by manifest.
518 silly tarball no local data for react@https://registry.npmjs.org/react/-/react-18.3.1.tgz. Extracting by manifest.
519 silly tarball no local data for next@https://registry.npmjs.org/next/-/next-14.2.35.tgz. Extracting by manifest.
520 silly tarball no local data for d3@https://registry.npmjs.org/d3/-/d3-7.9.0.tgz. Extracting by manifest.
521 http fetch POST 200 https://registry.npmjs.org/-/npm/v1/security/advisories/bulk 272ms
522 silly audit report {
522 silly audit report   next: [
522 silly audit report     {
522 silly audit report       id: 1112593,
522 silly audit report       url: 'https://github.com/advisories/GHSA-9g9p-9gw9-jx7f',
522 silly audit report       title: 'Next.js self-hosted applications vulnerable to DoS via Image Optimizer remotePatterns configuration',
522 silly audit report       severity: 'moderate',
522 silly audit report       vulnerable_versions: '>=10.0.0 <15.5.10',
522 silly audit report       cwe: [Array],
522 silly audit report       cvss: [Object]
522 silly audit report     },
522 silly audit report     {
522 silly audit report       id: 1112653,
522 silly audit report       url: 'https://github.com/advisories/GHSA-h25m-26qc-wcjf',
522 silly audit report       title: 'Next.js HTTP request deserialization can lead to DoS when using insecure React Server Components',
522 silly audit report       severity: 'high',
522 silly audit report       vulnerable_versions: '>=13.0.0 <15.0.8',
522 silly audit report       cwe: [Array],
522 silly audit report       cvss: [Object]
522 silly audit report     },
522 silly audit report     {
522 silly audit report       id: 1114897,
522 silly audit report       url: 'https://github.com/advisories/GHSA-ggv3-7p47-pfv8',
522 silly audit report       title: 'Next.js: HTTP request smuggling in rewrites',
522 silly audit report       severity: 'moderate',
522 silly audit report       vulnerable_versions: '>=9.5.0 <15.5.13',
522 silly audit report       cwe: [Array],
522 silly audit report       cvss: [Object]
522 silly audit report     },
522 silly audit report     {
522 silly audit report       id: 1114940,
522 silly audit report       url: 'https://github.com/advisories/GHSA-3x4c-7xq6-9pq8',
522 silly audit report       title: 'Next.js: Unbounded next/image disk cache growth can exhaust storage',
522 silly audit report       severity: 'moderate',
522 silly audit report       vulnerable_versions: '>=10.0.0 <15.5.14',
522 silly audit report       cwe: [Array],
522 silly audit report       cvss: [Object]
522 silly audit report     },
522 silly audit report     {
522 silly audit report       id: 1116376,
522 silly audit report       url: 'https://github.com/advisories/GHSA-q4gf-8mx6-v5v3',
522 silly audit report       title: 'Next.js has a Denial of Service with Server Components',
522 silly audit report       severity: 'high',
522 silly audit report       vulnerable_versions: '>=13.0.0 <15.5.15',
522 silly audit report       cwe: [Array],
522 silly audit report       cvss: [Object]
522 silly audit report     }
522 silly audit report   ],
522 silly audit report   postcss: [
522 silly audit report     {
522 silly audit report       id: 1117015,
522 silly audit report       url: 'https://github.com/advisories/GHSA-qx2v-qp2m-jg93',
522 silly audit report       title: 'PostCSS has XSS via Unescaped </style> in its CSS Stringify Output',
522 silly audit report       severity: 'moderate',
522 silly audit report       vulnerable_versions: '<8.5.10',
522 silly audit report       cwe: [Array],
522 silly audit report       cvss: [Object]
522 silly audit report     }
522 silly audit report   ]
522 silly audit report }
523 silly packumentCache corgi:https://registry.npmjs.org/next cache-miss
524 silly packumentCache corgi:https://registry.npmjs.org/postcss cache-miss
525 http fetch GET 200 https://registry.npmjs.org/loose-envify/-/loose-envify-1.4.0.tgz 328ms (cache miss)
526 http fetch GET 200 https://registry.npmjs.org/streamsearch/-/streamsearch-1.1.0.tgz 356ms (cache miss)
527 http fetch GET 200 https://registry.npmjs.org/client-only/-/client-only-0.0.1.tgz 360ms (cache miss)
528 http fetch GET 200 https://registry.npmjs.org/js-tokens/-/js-tokens-4.0.0.tgz 376ms (cache miss)
529 http fetch GET 200 https://registry.npmjs.org/rw/-/rw-1.3.3.tgz 429ms (cache miss)
530 http fetch GET 200 https://registry.npmjs.org/safer-buffer/-/safer-buffer-2.1.2.tgz 586ms (cache miss)
531 http fetch GET 200 https://registry.npmjs.org/internmap/-/internmap-2.0.3.tgz 588ms (cache miss)
532 http fetch GET 200 https://registry.npmjs.org/@swc/counter/-/counter-0.1.3.tgz 625ms (cache miss)
533 http fetch GET 200 https://registry.npmjs.org/@next/env/-/env-14.2.35.tgz 620ms (cache miss)
534 http fetch GET 200 https://registry.npmjs.org/delaunator/-/delaunator-5.1.0.tgz 629ms (cache miss)
535 http fetch GET 200 https://registry.npmjs.org/picocolors/-/picocolors-1.1.1.tgz 665ms (cache miss)
536 http fetch GET 200 https://registry.npmjs.org/d3-polygon/-/d3-polygon-3.0.1.tgz 663ms (cache miss)
537 http fetch GET 200 https://registry.npmjs.org/d3-random/-/d3-random-3.0.1.tgz 669ms (cache miss)
538 http fetch GET 200 https://registry.npmjs.org/d3-dispatch/-/d3-dispatch-3.0.1.tgz 698ms (cache miss)
539 http fetch GET 200 https://registry.npmjs.org/d3-drag/-/d3-drag-3.0.0.tgz 700ms (cache miss)
540 http fetch GET 200 https://registry.npmjs.org/d3-color/-/d3-color-3.1.0.tgz 711ms (cache miss)
541 http fetch GET 200 https://registry.npmjs.org/graceful-fs/-/graceful-fs-4.2.11.tgz 757ms (cache miss)
542 http fetch GET 200 https://registry.npmjs.org/commander/-/commander-7.2.0.tgz 787ms (cache miss)
543 http fetch GET 200 https://registry.npmjs.org/d3-path/-/d3-path-3.1.0.tgz 804ms (cache miss)
544 http fetch GET 200 https://registry.npmjs.org/d3-timer/-/d3-timer-3.0.1.tgz 878ms (cache miss)
545 http fetch GET 200 https://registry.npmjs.org/d3-zoom/-/d3-zoom-3.0.0.tgz 912ms (cache miss)
546 http fetch GET 200 https://registry.npmjs.org/d3-delaunay/-/d3-delaunay-6.0.4.tgz 926ms (cache miss)
547 http fetch GET 200 https://registry.npmjs.org/postcss 716ms (cache miss)
548 silly packumentCache corgi:https://registry.npmjs.org/postcss set size:undefined disposed:false
549 http fetch GET 200 https://registry.npmjs.org/d3-brush/-/d3-brush-3.0.0.tgz 941ms (cache miss)
550 http fetch GET 200 https://registry.npmjs.org/d3-axis/-/d3-axis-3.0.0.tgz 947ms (cache miss)
551 http fetch GET 200 https://registry.npmjs.org/scheduler/-/scheduler-0.23.2.tgz 990ms (cache miss)
552 http fetch GET 200 https://registry.npmjs.org/tslib/-/tslib-2.8.1.tgz 990ms (cache miss)
553 http fetch GET 200 https://registry.npmjs.org/d3-fetch/-/d3-fetch-3.0.1.tgz 986ms (cache miss)
554 http fetch GET 200 https://registry.npmjs.org/source-map-js/-/source-map-js-1.2.1.tgz 1068ms (cache miss)
555 http fetch GET 200 https://registry.npmjs.org/d3-chord/-/d3-chord-3.0.1.tgz 1045ms (cache miss)
556 http fetch GET 200 https://registry.npmjs.org/d3-dsv/-/d3-dsv-3.0.1.tgz 1141ms (cache miss)
557 http fetch GET 200 https://registry.npmjs.org/d3-contour/-/d3-contour-4.0.2.tgz 1202ms (cache miss)
558 http fetch GET 200 https://registry.npmjs.org/d3-time/-/d3-time-3.1.0.tgz 1274ms (cache miss)
559 http fetch GET 200 https://registry.npmjs.org/d3-force/-/d3-force-3.0.0.tgz 1316ms (cache miss)
560 http fetch GET 200 https://registry.npmjs.org/robust-predicates/-/robust-predicates-3.0.3.tgz 1334ms (cache miss)
561 http fetch GET 200 https://registry.npmjs.org/d3-ease/-/d3-ease-3.0.1.tgz 1350ms (cache miss)
562 http fetch GET 200 https://registry.npmjs.org/nanoid/-/nanoid-3.3.12.tgz 1395ms (cache miss)
563 http fetch GET 200 https://registry.npmjs.org/d3-quadtree/-/d3-quadtree-3.0.1.tgz 1388ms (cache miss)
564 http fetch GET 200 https://registry.npmjs.org/busboy/-/busboy-1.6.0.tgz 1430ms (cache miss)
565 http fetch GET 200 https://registry.npmjs.org/react/-/react-18.3.1.tgz 1416ms (cache miss)
566 http fetch GET 200 https://registry.npmjs.org/d3/-/d3-7.9.0.tgz 1420ms (cache miss)
567 http fetch GET 200 https://registry.npmjs.org/d3-scale/-/d3-scale-4.0.2.tgz 1501ms (cache miss)
568 http fetch GET 200 https://registry.npmjs.org/styled-jsx/-/styled-jsx-5.1.1.tgz 1519ms (cache miss)
569 http fetch GET 200 https://registry.npmjs.org/d3-interpolate/-/d3-interpolate-3.0.1.tgz 1521ms (cache miss)
570 http fetch GET 200 https://registry.npmjs.org/iconv-lite/-/iconv-lite-0.6.3.tgz 1553ms (cache miss)
571 http fetch GET 200 https://registry.npmjs.org/d3-transition/-/d3-transition-3.0.1.tgz 1635ms (cache miss)
572 http fetch GET 200 https://registry.npmjs.org/d3-time-format/-/d3-time-format-4.1.0.tgz 1636ms (cache miss)
573 http fetch GET 200 https://registry.npmjs.org/d3-hierarchy/-/d3-hierarchy-3.1.2.tgz 1647ms (cache miss)
574 http fetch GET 200 https://registry.npmjs.org/postcss/-/postcss-8.4.31.tgz 1743ms (cache miss)
575 http fetch GET 200 https://registry.npmjs.org/d3-scale-chromatic/-/d3-scale-chromatic-3.1.0.tgz 1832ms (cache miss)
576 http fetch GET 200 https://registry.npmjs.org/d3-array/-/d3-array-3.2.4.tgz 1855ms (cache miss)
577 http fetch GET 200 https://registry.npmjs.org/d3-selection/-/d3-selection-3.0.0.tgz 1881ms (cache miss)
578 http fetch GET 200 https://registry.npmjs.org/d3-geo/-/d3-geo-3.1.1.tgz 1896ms (cache miss)
579 http fetch GET 200 https://registry.npmjs.org/d3-shape/-/d3-shape-3.2.0.tgz 1921ms (cache miss)
580 http fetch GET 200 https://registry.npmjs.org/d3-format/-/d3-format-3.1.2.tgz 1937ms (cache miss)
581 http fetch GET 200 https://registry.npmjs.org/react-dom/-/react-dom-18.3.1.tgz 1931ms (cache miss)
582 http fetch GET 200 https://registry.npmjs.org/next 2230ms (cache miss)
583 silly packumentCache corgi:https://registry.npmjs.org/next set size:undefined disposed:false
584 http fetch GET 200 https://registry.npmjs.org/@swc/helpers/-/helpers-0.5.5.tgz 4284ms (cache miss)
585 http fetch GET 200 https://registry.npmjs.org/caniuse-lite/-/caniuse-lite-1.0.30001791.tgz 5097ms (cache miss)
586 http fetch GET 200 https://registry.npmjs.org/next/-/next-14.2.35.tgz 17252ms (cache miss)
587 http fetch GET 200 https://registry.npmjs.org/@next/swc-win32-x64-msvc/-/swc-win32-x64-msvc-14.2.33.tgz 19800ms (cache miss)
588 silly ADD node_modules/client-only
589 silly ADD node_modules/scheduler
590 silly ADD node_modules/js-tokens
591 silly ADD node_modules/loose-envify
592 silly ADD node_modules/source-map-js
593 silly ADD node_modules/picocolors
594 silly ADD node_modules/nanoid
595 silly ADD node_modules/streamsearch
596 silly ADD node_modules/tslib
597 silly ADD node_modules/@swc/counter
598 silly ADD node_modules/styled-jsx
599 silly ADD node_modules/postcss
600 silly ADD node_modules/graceful-fs
601 silly ADD node_modules/caniuse-lite
602 silly ADD node_modules/busboy
603 silly ADD node_modules/@swc/helpers
604 silly ADD node_modules/@next/swc-win32-x64-msvc
605 silly ADD node_modules/@next/env
606 silly ADD node_modules/safer-buffer
607 silly ADD node_modules/robust-predicates
608 silly ADD node_modules/rw
609 silly ADD node_modules/iconv-lite
610 silly ADD node_modules/commander
611 silly ADD node_modules/delaunator
612 silly ADD node_modules/internmap
613 silly ADD node_modules/d3-zoom
614 silly ADD node_modules/d3-transition
615 silly ADD node_modules/d3-timer
616 silly ADD node_modules/d3-time-format
617 silly ADD node_modules/d3-time
618 silly ADD node_modules/d3-shape
619 silly ADD node_modules/d3-selection
620 silly ADD node_modules/d3-scale-chromatic
621 silly ADD node_modules/d3-scale
622 silly ADD node_modules/d3-random
623 silly ADD node_modules/d3-quadtree
624 silly ADD node_modules/d3-polygon
625 silly ADD node_modules/d3-path
626 silly ADD node_modules/d3-interpolate
627 silly ADD node_modules/d3-hierarchy
628 silly ADD node_modules/d3-geo
629 silly ADD node_modules/d3-format
630 silly ADD node_modules/d3-force
631 silly ADD node_modules/d3-fetch
632 silly ADD node_modules/d3-ease
633 silly ADD node_modules/d3-dsv
634 silly ADD node_modules/d3-drag
635 silly ADD node_modules/d3-dispatch
636 silly ADD node_modules/d3-delaunay
637 silly ADD node_modules/d3-contour
638 silly ADD node_modules/d3-color
639 silly ADD node_modules/d3-chord
640 silly ADD node_modules/d3-brush
641 silly ADD node_modules/d3-axis
642 silly ADD node_modules/d3-array
643 silly ADD node_modules/react-dom
644 silly ADD node_modules/react
645 silly ADD node_modules/next
646 silly ADD node_modules/d3
647 verbose cwd E:\school\college\subject\cs\iv\final project
648 verbose os Windows_NT 10.0.19045
649 verbose node v24.14.1
650 verbose npm  v11.11.0
651 verbose exit 0
652 info ok
